// Vitest Snapshot v1

exports[`AppHeader > render 1`] = `
{
  "asFragment": [Function],
  "baseElement": <body>
    <div
      id="chakra-toast-portal"
    >
      <ul
        id="chakra-toast-manager-top"
        style="position: fixed; z-index: 5500; pointer-events: none; display: flex; flex-direction: column; margin: 0px auto;"
      />
      <ul
        id="chakra-toast-manager-top-left"
        style="position: fixed; z-index: 5500; pointer-events: none; display: flex; flex-direction: column;"
      />
      <ul
        id="chakra-toast-manager-top-right"
        style="position: fixed; z-index: 5500; pointer-events: none; display: flex; flex-direction: column;"
      />
      <ul
        id="chakra-toast-manager-bottom-left"
        style="position: fixed; z-index: 5500; pointer-events: none; display: flex; flex-direction: column;"
      />
      <ul
        id="chakra-toast-manager-bottom"
        style="position: fixed; z-index: 5500; pointer-events: none; display: flex; flex-direction: column; margin: 0px auto;"
      />
      <ul
        id="chakra-toast-manager-bottom-right"
        style="position: fixed; z-index: 5500; pointer-events: none; display: flex; flex-direction: column;"
      />
    </div>
    <div>
      <div
        class="chakra-stack css-w1tkt0"
      >
        <h2
          class="chakra-heading css-mdzv6o"
        >
          LGTM Splash
        </h2>
        <div
          aria-valuemax="100"
          aria-valuemin="0"
          class="chakra-progress css-177j73u"
          data-indeterminate=""
          role="progressbar"
        >
          <svg
            class="css-1buyubr"
            viewBox="0 0 100 100"
          >
            <circle
              class="chakra-progress__track css-1bhxzgy"
              cx="50"
              cy="50"
              r="42"
              stroke-width="10px"
            />
            <circle
              class="chakra-progress__indicator css-lqwqgj"
              cx="50"
              cy="50"
              r="42"
              stroke-width="10px"
            />
          </svg>
        </div>
      </div>
    </div>
  </body>,
  "container": <div>
    <div
      class="chakra-stack css-w1tkt0"
    >
      <h2
        class="chakra-heading css-mdzv6o"
      >
        LGTM Splash
      </h2>
      <div
        aria-valuemax="100"
        aria-valuemin="0"
        class="chakra-progress css-177j73u"
        data-indeterminate=""
        role="progressbar"
      >
        <svg
          class="css-1buyubr"
          viewBox="0 0 100 100"
        >
          <circle
            class="chakra-progress__track css-1bhxzgy"
            cx="50"
            cy="50"
            r="42"
            stroke-width="10px"
          />
          <circle
            class="chakra-progress__indicator css-lqwqgj"
            cx="50"
            cy="50"
            r="42"
            stroke-width="10px"
          />
        </svg>
      </div>
    </div>
  </div>,
  "debug": [Function],
  "findAllByAltText": [Function],
  "findAllByDisplayValue": [Function],
  "findAllByLabelText": [Function],
  "findAllByPlaceholderText": [Function],
  "findAllByRole": [Function],
  "findAllByTestId": [Function],
  "findAllByText": [Function],
  "findAllByTitle": [Function],
  "findByAltText": [Function],
  "findByDisplayValue": [Function],
  "findByLabelText": [Function],
  "findByPlaceholderText": [Function],
  "findByRole": [Function],
  "findByTestId": [Function],
  "findByText": [Function],
  "findByTitle": [Function],
  "getAllByAltText": [Function],
  "getAllByDisplayValue": [Function],
  "getAllByLabelText": [Function],
  "getAllByPlaceholderText": [Function],
  "getAllByRole": [Function],
  "getAllByTestId": [Function],
  "getAllByText": [Function],
  "getAllByTitle": [Function],
  "getByAltText": [Function],
  "getByDisplayValue": [Function],
  "getByLabelText": [Function],
  "getByPlaceholderText": [Function],
  "getByRole": [Function],
  "getByTestId": [Function],
  "getByText": [Function],
  "getByTitle": [Function],
  "queryAllByAltText": [Function],
  "queryAllByDisplayValue": [Function],
  "queryAllByLabelText": [Function],
  "queryAllByPlaceholderText": [Function],
  "queryAllByRole": [Function],
  "queryAllByTestId": [Function],
  "queryAllByText": [Function],
  "queryAllByTitle": [Function],
  "queryByAltText": [Function],
  "queryByDisplayValue": [Function],
  "queryByLabelText": [Function],
  "queryByPlaceholderText": [Function],
  "queryByRole": [Function],
  "queryByTestId": [Function],
  "queryByText": [Function],
  "queryByTitle": [Function],
  "rerender": [Function],
  "unmount": [Function],
}
`;
